// Jest Snapshot v1, https://goo.gl/fbAQLP

exports[`<TreeView /> should render correctly 1`] = `
<div
  className="files"
>
  Empty...
</div>
`;
