// Jest Snapshot v1, https://goo.gl/fbAQLP

exports[`<Files /> should render 'Empty' in case of it renders without props 1`] = `
<div
  className="files"
>
  Empty...
</div>
`;
